
   INFO  Seeding database.  

Injecting analytics data for Workshop: 00083072-efe5-4a16-93f5-1415f6255611
Insert Failed: SQLSTATE[01000]: Warning: 1265 Data truncated for column 'category_service' at row 1 (Connection: mysql, SQL: insert into `services` (`acceptance_status`, `category_service`, `code`, `created_at`, `customer_uuid`, `description`, `estimated_time`, `id`, `name`, `reason`, `scheduled_date`, `status`, `type`, `updated_at`, `vehicle_uuid`, `workshop_uuid`) values (accepted, Ganti Oli, SRV-DA6891, 2026-01-18 17:20:28, 0016743a-cabe-43ab-bc4f-36fa93558800, Dummy service for analytics, 2026-01-18 17:20:28, 7e71ec87-5be1-30b8-a45a-c2748cd996b3, Service Regular, Dummy service reason, 2026-01-18, completed, walk-in, 2026-01-18 17:20:28, 00001a80-37bc-40e7-a113-3d7fd42f76cb, 00083072-efe5-4a16-93f5-1415f6255611), (accepted, Perbaikan Rem, SRV-EC2238, 2025-01-21 01:48:16, 0016743a-cabe-43ab-bc4f-36fa93558800, Dummy service for analytics, 2025-01-21 01:48:16, 9edcdcf6-e7c6-31ad-83c2-e1883964e0a3, Service Regular, Dummy service reason, 2025-01-20, completed, walk-in, 2025-01-21 01:48:16, 00001a80-37bc-40e7-a113-3d7fd42f76cb, 00083072-efe5-4a16-93f5-1415f6255611), (accepted, Ganti Oli, SRV-OH1903, 2025-05-21 00:31:14, 0016743a-cabe-43ab-bc4f-36fa93558800, Dummy service for analytics, 2025-05-21 00:31:14, 1dfb4650-e513-3ec4-a948-f6ec39bd52c8, Service Regular, Dummy service reason, 2025-05-20, completed, walk-in, 2025-05-21 00:31:14, 00001a80-37bc-40e7-a113-3d7fd42f76cb, 00083072-efe5-4a16-93f5-1415f6255611), (accepted, Perbaikan Rem, SRV-EF0972, 2025-01-07 17:18:51, 0016743a-cabe-43ab-bc4f-36fa93558800, Dummy service for analytics, 2025-01-07 17:18:51, 5824d2d1-793a-3825-8ef4-bcdf9433a65f, Service Regular, Dummy service reason, 2025-01-07, completed, walk-in, 2025-01-07 17:18:51, 00001a80-37bc-40e7-a113-3d7fd42f76cb, 00083072-efe5-4a16-93f5-1415f6255611), (accepted, Ganti Ban, SRV-TE0889, 2025-02-16 16:04:47, 0016743a-cabe-43ab-bc4f-36fa93558800, Dummy service for analytics, 2025-02-16 16:04:47, a01ae214-9000-3ff5-94c2-63eb87ac0b60, Service Regular, Dummy service reason, 2025-02-16, completed, walk-in, 2025-02-16 16:04:47, 00001a80-37bc-40e7-a113-3d7fd42f76cb, 00083072-efe5-4a16-93f5-1415f6255611), (accepted, Perbaikan Rem, SRV-SG3726, 2025-10-18 06:50:43, 0016743a-cabe-43ab-bc4f-36fa93558800, Dummy service for analytics, 2025-10-18 06:50:43, 47617410-35f4-33d2-b224-ddbbe770a2d3, Service Regular, Dummy service reason, 2025-10-18, completed, walk-in, 2025-10-18 06:50:43, 00001a80-37bc-40e7-a113-3d7fd42f76cb, 00083072-efe5-4a16-93f5-1415f6255611), (accepted, Service Rutin, SRV-HD5561, 2025-11-04 19:08:29, 0016743a-cabe-43ab-bc4f-36fa93558800, Dummy service for analytics, 2025-11-04 19:08:29, 0c96b748-7a80-31ce-9b71-94e50177d0e9, Service Regular, Dummy service reason, 2025-11-04, completed, walk-in, 2025-11-04 19:08:29, 00001a80-37bc-40e7-a113-3d7fd42f76cb, 00083072-efe5-4a16-93f5-1415f6255611), (accepted, Perbaikan Rem, SRV-RK3604, 2025-03-04 09:48:30, 0016743a-cabe-43ab-bc4f-36fa93558800, Dummy service for analytics, 2025-03-04 09:48:30, 0ccfb5d5-f66b-387a-8c68-51a558c414f4, Service Regular, Dummy service reason, 2025-03-04, completed, walk-in, 2025-03-04 09:48:30, 00001a80-37bc-40e7-a113-3d7fd42f76cb, 00083072-efe5-4a16-93f5-1415f6255611), (accepted, Service Rutin, SRV-QW5986, 2025-02-22 16:11:04, 0016743a-cabe-43ab-bc4f-36fa93558800, Dummy service for analytics, 2025-02-22 16:11:04, 96656b04-b7f4-38b1-a94a-c328c0a616db, Service Regular, Dummy service reason, 2025-02-22, completed, walk-in, 2025-02-22 16:11:04, 00001a80-37bc-40e7-a113-3d7fd42f76cb, 00083072-efe5-4a16-93f5-1415f6255611), (accepted, Ganti Oli, SRV-NO3247, 2025-08-30 13:44:27, 0016743a-cabe-43ab-bc4f-36fa93558800, Dummy service for analytics, 2025-08-30 13:44:27, 6230635b-2f5b-3bca-a74f-063ff510c6fb, Service Regular, Dummy service reason, 2025-08-30, completed, walk-in, 2025-08-30 13:44:27, 00001a80-37bc-40e7-a113-3d7fd42f76cb, 00083072-efe5-4a16-93f5-1415f6255611), (accepted, Perbaikan Rem, SRV-KF2217, 2025-08-26 08:53:18, 0016743a-cabe-43ab-bc4f-36fa93558800, Dummy service for analytics, 2025-08-26 08:53:18, f11d3aa1-44e4-3155-8027-01a85b5ad24a, Service Regular, Dummy service reason, 2025-08-26, completed, walk-in, 2025-08-26 08:53:18, 00001a80-37bc-40e7-a113-3d7fd42f76cb, 00083072-efe5-4a16-93f5-1415f6255611), (accepted, Service Rutin, SRV-TM7354, 2025-10-20 10:17:10, 0016743a-cabe-43ab-bc4f-36fa93558800, Dummy service for analytics, 2025-10-20 10:17:10, 97ca2d00-9375-3b56-be65-bfaa820cb5ae, Service Regular, Dummy service reason, 2025-10-20, completed, walk-in, 2025-10-20 10:17:10, 00001a80-37bc-40e7-a113-3d7fd42f76cb, 00083072-efe5-4a16-93f5-1415f6255611), (accepted, Tune Up, SRV-OP7956, 2026-01-08 13:52:45, 0016743a-cabe-43ab-bc4f-36fa93558800, Dummy service for analytics, 2026-01-08 13:52:45, 8731cd66-1b2a-3a50-9fa4-02d83afe58e9, Service Regular, Dummy service reason, 2026-01-08, completed, walk-in, 2026-01-08 13:52:45, 00001a80-37bc-40e7-a113-3d7fd42f76cb, 00083072-efe5-4a16-93f5-1415f6255611), (accepted, Ganti Ban, SRV-YJ8423, 2025-01-09 19:39:21, 0016743a-cabe-43ab-bc4f-36fa93558800, Dummy service for analytics, 2025-01-09 19:39:21, 4542d031-74a7-3ffb-b03f-43d1fc259240, Service Regular, Dummy service reason, 2025-01-09, completed, walk-in, 2025-01-09 19:39:21, 00001a80-37bc-40e7-a113-3d7fd42f76cb, 00083072-efe5-4a16-93f5-1415f6255611), (accepted, Ganti Ban, SRV-MH6958, 2025-03-27 09:52:04, 0016743a-cabe-43ab-bc4f-36fa93558800, Dummy service for analytics, 2025-03-27 09:52:04, eddbd595-291f-3615-a9e3-de018561642b, Service Regular, Dummy service reason, 2025-03-27, completed, walk-in, 2025-03-27 09:52:04, 00001a80-37bc-40e7-a113-3d7fd42f76cb, 00083072-efe5-4a16-93f5-1415f6255611), (accepted, Ganti Ban, SRV-SB8612, 2025-04-01 08:44:39, 0016743a-cabe-43ab-bc4f-36fa93558800, Dummy service for analytics, 2025-04-01 08:44:39, 0ba83ace-2fbd-3bed-ad72-89cd60c2555e, Service Regular, Dummy service reason, 2025-04-01, completed, walk-in, 2025-04-01 08:44:39, 00001a80-37bc-40e7-a113-3d7fd42f76cb, 00083072-efe5-4a16-93f5-1415f6255611), (accepted, Ganti Oli, SRV-YA7780, 2025-12-01 05:02:06, 0016743a-cabe-43ab-bc4f-36fa93558800, Dummy service for analytics, 2025-12-01 05:02:06, df612aa3-1252-38b7-8c78-1c6df1b55128, Service Regular, Dummy service reason, 2025-12-01, completed, walk-in, 2025-12-01 05:02:06, 00001a80-37bc-40e7-a113-3d7fd42f76cb, 00083072-efe5-4a16-93f5-1415f6255611), (accepted, Ganti Oli, SRV-NT7975, 2025-11-10 04:08:43, 0016743a-cabe-43ab-bc4f-36fa93558800, Dummy service for analytics, 2025-11-10 04:08:43, a004eebf-7cb7-3e01-9871-e94b2edf53d9, Service Regular, Dummy service reason, 2025-11-10, completed, walk-in, 2025-11-10 04:08:43, 00001a80-37bc-40e7-a113-3d7fd42f76cb, 00083072-efe5-4a16-93f5-1415f6255611), (accepted, Perbaikan Rem, SRV-PV2980, 2025-09-05 01:28:43, 0016743a-cabe-43ab-bc4f-36fa93558800, Dummy service for analytics, 2025-09-05 01:28:43, 79781b1b-7d65-3758-8c0f-eeb532a35898, Service Regular, Dummy service reason, 2025-09-04, completed, walk-in, 2025-09-05 01:28:43, 00001a80-37bc-40e7-a113-3d7fd42f76cb, 00083072-efe5-4a16-93f5-1415f6255611), (accepted, Ganti Oli, SRV-PM4243, 2025-02-20 04:46:56, 0016743a-cabe-43ab-bc4f-36fa93558800, Dummy service for analytics, 2025-02-20 04:46:56, 2e75e86b-2b14-39c7-bab0-ed4dacf40970, Service Regular, Dummy service reason, 2025-02-20, completed, walk-in, 2025-02-20 04:46:56, 00001a80-37bc-40e7-a113-3d7fd42f76cb, 00083072-efe5-4a16-93f5-1415f6255611), (accepted, Service Rutin, SRV-CE7963, 2025-11-02 07:57:23, 0016743a-cabe-43ab-bc4f-36fa93558800, Dummy service for analytics, 2025-11-02 07:57:23, a2e4dc11-f8ba-3f99-95d4-3631df34d2c6, Service Regular, Dummy service reason, 2025-11-02, completed, walk-in, 2025-11-02 07:57:23, 00001a80-37bc-40e7-a113-3d7fd42f76cb, 00083072-efe5-4a16-93f5-1415f6255611), (accepted, Ganti Ban, SRV-VF3588, 2025-06-21 17:21:56, 0016743a-cabe-43ab-bc4f-36fa93558800, Dummy service for analytics, 2025-06-21 17:21:56, 789b7f33-31df-3122-b2fb-b2ac6721ad0f, Service Regular, Dummy service reason, 2025-06-21, completed, walk-in, 2025-06-21 17:21:56, 00001a80-37bc-40e7-a113-3d7fd42f76cb, 00083072-efe5-4a16-93f5-1415f6255611), (accepted, Ganti Ban, SRV-TE8948, 2025-04-05 01:33:19, 0016743a-cabe-43ab-bc4f-36fa93558800, Dummy service for analytics, 2025-04-05 01:33:19, 0b0fd113-3985-3dde-b903-969ab838c3b6, Service Regular, Dummy service reason, 2025-04-04, completed, walk-in, 2025-04-05 01:33:19, 00001a80-37bc-40e7-a113-3d7fd42f76cb, 00083072-efe5-4a16-93f5-1415f6255611), (accepted, Perbaikan Rem, SRV-RA4282, 2025-10-02 15:26:45, 0016743a-cabe-43ab-bc4f-36fa93558800, Dummy service for analytics, 2025-10-02 15:26:45, c40b8b8b-5e36-34de-b4ac-efd9fc3615e5, Service Regular, Dummy service reason, 2025-10-02, completed, walk-in, 2025-10-02 15:26:45, 00001a80-37bc-40e7-a113-3d7fd42f76cb, 00083072-efe5-4a16-93f5-1415f6255611), (accepted, Service Rutin, SRV-NC1893, 2025-11-12 01:08:51, 0016743a-cabe-43ab-bc4f-36fa93558800, Dummy service for analytics, 2025-11-12 01:08:51, 197dd44a-ac21-3c89-99a6-5f449fd69b70, Service Regular, Dummy service reason, 2025-11-11, completed, walk-in, 2025-11-12 01:08:51, 00001a80-37bc-40e7-a113-3d7fd42f76cb, 00083072-efe5-4a16-93f5-1415f6255611), (accepted, Ganti Oli, SRV-FO1111, 2025-01-01 12:11:13, 0016743a-cabe-43ab-bc4f-36fa93558800, Dummy service for analytics, 2025-01-01 12:11:13, eca31e17-cde5-3631-af32-6bd640be8274, Service Regular, Dummy service reason, 2025-01-01, completed, walk-in, 2025-01-01 12:11:13, 00001a80-37bc-40e7-a113-3d7fd42f76cb, 00083072-efe5-4a16-93f5-1415f6255611), (accepted, Ganti Ban, SRV-OA6111, 2025-12-18 18:34:38, 0016743a-cabe-43ab-bc4f-36fa93558800, Dummy service for analytics, 2025-12-18 18:34:38, 972005a3-df47-3eb9-b73a-58465535bca8, Service Regular, Dummy service reason, 2025-12-18, completed, walk-in, 2025-12-18 18:34:38, 00001a80-37bc-40e7-a113-3d7fd42f76cb, 00083072-efe5-4a16-93f5-1415f6255611), (accepted, Ganti Oli, SRV-EW5469, 2025-11-04 05:38:31, 0016743a-cabe-43ab-bc4f-36fa93558800, Dummy service for analytics, 2025-11-04 05:38:31, d374519c-d60a-3291-92cf-e87a6ab64924, Service Regular, Dummy service reason, 2025-11-04, completed, walk-in, 2025-11-04 05:38:31, 00001a80-37bc-40e7-a113-3d7fd42f76cb, 00083072-efe5-4a16-93f5-1415f6255611), (accepted, Service Rutin, SRV-ES4416, 2025-07-31 14:54:59, 0016743a-cabe-43ab-bc4f-36fa93558800, Dummy service for analytics, 2025-07-31 14:54:59, b7f33020-1739-3bd5-94be-469dac818fde, Service Regular, Dummy service reason, 2025-07-31, completed, walk-in, 2025-07-31 14:54:59, 00001a80-37bc-40e7-a113-3d7fd42f76cb, 00083072-efe5-4a16-93f5-1415f6255611), (accepted, Ganti Ban, SRV-VM6753, 2025-09-26 08:26:08, 0016743a-cabe-43ab-bc4f-36fa93558800, Dummy service for analytics, 2025-09-26 08:26:08, 674c9f59-86fa-30fb-a6a9-c0d66b7954be, Service Regular, Dummy service reason, 2025-09-26, completed, walk-in, 2025-09-26 08:26:08, 00001a80-37bc-40e7-a113-3d7fd42f76cb, 00083072-efe5-4a16-93f5-1415f6255611), (accepted, Ganti Oli, SRV-JV4368, 2025-11-23 14:21:54, 0016743a-cabe-43ab-bc4f-36fa93558800, Dummy service for analytics, 2025-11-23 14:21:54, 0602c8c9-ef71-32ee-a601-0fa63ecbee5b, Service Regular, Dummy service reason, 2025-11-23, completed, walk-in, 2025-11-23 14:21:54, 00001a80-37bc-40e7-a113-3d7fd42f76cb, 00083072-efe5-4a16-93f5-1415f6255611), (accepted, Perbaikan Rem, SRV-KG2719, 2025-07-08 04:58:14, 0016743a-cabe-43ab-bc4f-36fa93558800, Dummy service for analytics, 2025-07-08 04:58:14, 2674a560-01a2-301b-92ab-c9e103449fb4, Service Regular, Dummy service reason, 2025-07-08, completed, walk-in, 2025-07-08 04:58:14, 00001a80-37bc-40e7-a113-3d7fd42f76cb, 00083072-efe5-4a16-93f5-1415f6255611), (accepted, Ganti Ban, SRV-SM5268, 2025-04-12 07:37:09, 0016743a-cabe-43ab-bc4f-36fa93558800, Dummy service for analytics, 2025-04-12 07:37:09, 8bcc6038-5d9d-3397-8521-64049fff94d1, Service Regular, Dummy service reason, 2025-04-12, completed, walk-in, 2025-04-12 07:37:09, 00001a80-37bc-40e7-a113-3d7fd42f76cb, 00083072-efe5-4a16-93f5-1415f6255611), (accepted, Ganti Oli, SRV-WC5155, 2025-05-27 14:21:11, 0016743a-cabe-43ab-bc4f-36fa93558800, Dummy service for analytics, 2025-05-27 14:21:11, b9dbac7a-00b8-32bc-b15e-0214595849ad, Service Regular, Dummy service reason, 2025-05-27, completed, walk-in, 2025-05-27 14:21:11, 00001a80-37bc-40e7-a113-3d7fd42f76cb, 00083072-efe5-4a16-93f5-1415f6255611), (accepted, Ganti Ban, SRV-UD1075, 2025-09-14 10:40:10, 0016743a-cabe-43ab-bc4f-36fa93558800, Dummy service for analytics, 2025-09-14 10:40:10, edc64c54-95f4-3932-92c7-311baa763926, Service Regular, Dummy service reason, 2025-09-14, completed, walk-in, 2025-09-14 10:40:10, 00001a80-37bc-40e7-a113-3d7fd42f76cb, 00083072-efe5-4a16-93f5-1415f6255611), (accepted, Tune Up, SRV-IT6391, 2025-02-23 00:01:57, 0016743a-cabe-43ab-bc4f-36fa93558800, Dummy service for analytics, 2025-02-23 00:01:57, ef657525-0bcd-34b3-a65a-071ec62a5c19, Service Regular, Dummy service reason, 2025-02-22, completed, walk-in, 2025-02-23 00:01:57, 00001a80-37bc-40e7-a113-3d7fd42f76cb, 00083072-efe5-4a16-93f5-1415f6255611), (accepted, Ganti Ban, SRV-LH8093, 2025-10-26 22:43:10, 0016743a-cabe-43ab-bc4f-36fa93558800, Dummy service for analytics, 2025-10-26 22:43:10, fc0c98f6-7c1b-3258-89d9-cbc7af2fee03, Service Regular, Dummy service reason, 2025-10-26, completed, walk-in, 2025-10-26 22:43:10, 00001a80-37bc-40e7-a113-3d7fd42f76cb, 00083072-efe5-4a16-93f5-1415f6255611), (accepted, Perbaikan Rem, SRV-HL6012, 2026-01-10 21:56:38, 0016743a-cabe-43ab-bc4f-36fa93558800, Dummy service for analytics, 2026-01-10 21:56:38, 08db626c-2770-30ba-8d9d-596b7e326202, Service Regular, Dummy service reason, 2026-01-10, completed, walk-in, 2026-01-10 21:56:38, 00001a80-37bc-40e7-a113-3d7fd42f76cb, 00083072-efe5-4a16-93f5-1415f6255611), (accepted, Ganti Oli, SRV-OG9695, 2025-12-30 20:01:41, 0016743a-cabe-43ab-bc4f-36fa93558800, Dummy service for analytics, 2025-12-30 20:01:41, 75e942f3-d762-31be-9428-efd02dcc9ec4, Service Regular, Dummy service reason, 2025-12-30, completed, walk-in, 2025-12-30 20:01:41, 00001a80-37bc-40e7-a113-3d7fd42f76cb, 00083072-efe5-4a16-93f5-1415f6255611), (accepted, Perbaikan Rem, SRV-WV4315, 2025-04-03 07:02:37, 0016743a-cabe-43ab-bc4f-36fa93558800, Dummy service for analytics, 2025-04-03 07:02:37, 90e885f8-9012-32b3-bee0-edb7c6646a05, Service Regular, Dummy service reason, 2025-04-03, completed, walk-in, 2025-04-03 07:02:37, 00001a80-37bc-40e7-a113-3d7fd42f76cb, 00083072-efe5-4a16-93f5-1415f6255611), (accepted, Tune Up, SRV-NZ9029, 2025-02-09 18:22:23, 0016743a-cabe-43ab-bc4f-36fa93558800, Dummy service for analytics, 2025-02-09 18:22:23, 7450321d-e16d-3226-9a77-c8d2e59f2c66, Service Regular, Dummy service reason, 2025-02-09, completed, walk-in, 2025-02-09 18:22:23, 00001a80-37bc-40e7-a113-3d7fd42f76cb, 00083072-efe5-4a16-93f5-1415f6255611), (accepted, Tune Up, SRV-CX9014, 2025-10-30 16:20:06, 0016743a-cabe-43ab-bc4f-36fa93558800, Dummy service for analytics, 2025-10-30 16:20:06, 894c0769-e341-3bd7-adc8-6c6eec7f9a60, Service Regular, Dummy service reason, 2025-10-30, completed, walk-in, 2025-10-30 16:20:06, 00001a80-37bc-40e7-a113-3d7fd42f76cb, 00083072-efe5-4a16-93f5-1415f6255611), (accepted, Perbaikan Rem, SRV-FO5652, 2026-01-27 12:56:19, 0016743a-cabe-43ab-bc4f-36fa93558800, Dummy service for analytics, 2026-01-27 12:56:19, 6b8e73e2-c5da-3cf6-983e-516338f5b39d, Service Regular, Dummy service reason, 2026-01-27, completed, walk-in, 2026-01-27 12:56:19, 00001a80-37bc-40e7-a113-3d7fd42f76cb, 00083072-efe5-4a16-93f5-1415f6255611), (accepted, Tune Up, SRV-NI6821, 2025-07-19 17:16:19, 0016743a-cabe-43ab-bc4f-36fa93558800, Dummy service for analytics, 2025-07-19 17:16:19, ccde9a99-849c-36b6-af89-703eeff9b8db, Service Regular, Dummy service reason, 2025-07-19, completed, walk-in, 2025-07-19 17:16:19, 00001a80-37bc-40e7-a113-3d7fd42f76cb, 00083072-efe5-4a16-93f5-1415f6255611), (accepted, Tune Up, SRV-XM8342, 2025-12-20 11:20:26, 0016743a-cabe-43ab-bc4f-36fa93558800, Dummy service for analytics, 2025-12-20 11:20:26, 049f5fe3-a533-30e8-bf98-dc9ed6d8b4b6, Service Regular, Dummy service reason, 2025-12-20, completed, walk-in, 2025-12-20 11:20:26, 00001a80-37bc-40e7-a113-3d7fd42f76cb, 00083072-efe5-4a16-93f5-1415f6255611), (accepted, Tune Up, SRV-JA6903, 2025-06-08 02:43:00, 0016743a-cabe-43ab-bc4f-36fa93558800, Dummy service for analytics, 2025-06-08 02:43:00, 1b9b4284-8677-332e-ba8d-3bbef95cbb61, Service Regular, Dummy service reason, 2025-06-08, completed, walk-in, 2025-06-08 02:43:00, 00001a80-37bc-40e7-a113-3d7fd42f76cb, 00083072-efe5-4a16-93f5-1415f6255611), (accepted, Perbaikan Rem, SRV-NQ3865, 2025-02-05 16:49:19, 0016743a-cabe-43ab-bc4f-36fa93558800, Dummy service for analytics, 2025-02-05 16:49:19, 2110fc89-5c3a-360d-a595-e3280c6aa6ec, Service Regular, Dummy service reason, 2025-02-05, completed, walk-in, 2025-02-05 16:49:19, 00001a80-37bc-40e7-a113-3d7fd42f76cb, 00083072-efe5-4a16-93f5-1415f6255611), (accepted, Tune Up, SRV-MX9047, 2025-01-03 21:14:41, 0016743a-cabe-43ab-bc4f-36fa93558800, Dummy service for analytics, 2025-01-03 21:14:41, b9ff2d8e-ffd3-36d9-a214-8699f2e143b8, Service Regular, Dummy service reason, 2025-01-03, completed, walk-in, 2025-01-03 21:14:41, 00001a80-37bc-40e7-a113-3d7fd42f76cb, 00083072-efe5-4a16-93f5-1415f6255611), (accepted, Service Rutin, SRV-OO8342, 2025-08-25 23:15:38, 0016743a-cabe-43ab-bc4f-36fa93558800, Dummy service for analytics, 2025-08-25 23:15:38, 67d8bf4d-6620-3454-84f9-4360419aab7c, Service Regular, Dummy service reason, 2025-08-25, completed, walk-in, 2025-08-25 23:15:38, 00001a80-37bc-40e7-a113-3d7fd42f76cb, 00083072-efe5-4a16-93f5-1415f6255611), (accepted, Ganti Oli, SRV-YS4800, 2025-03-27 20:41:58, 0016743a-cabe-43ab-bc4f-36fa93558800, Dummy service for analytics, 2025-03-27 20:41:58, a901ab32-be4e-3bc8-ad38-20d31ac83180, Service Regular, Dummy service reason, 2025-03-27, completed, walk-in, 2025-03-27 20:41:58, 00001a80-37bc-40e7-a113-3d7fd42f76cb, 00083072-efe5-4a16-93f5-1415f6255611), (accepted, Ganti Oli, SRV-FU4153, 2025-01-14 06:11:23, 0016743a-cabe-43ab-bc4f-36fa93558800, Dummy service for analytics, 2025-01-14 06:11:23, f2b1f710-9dba-3d33-8d71-92b273db54d7, Service Regular, Dummy service reason, 2025-01-14, completed, walk-in, 2025-01-14 06:11:23, 00001a80-37bc-40e7-a113-3d7fd42f76cb, 00083072-efe5-4a16-93f5-1415f6255611), (accepted, Ganti Oli, SRV-WJ4736, 2025-10-10 10:29:26, 0016743a-cabe-43ab-bc4f-36fa93558800, Dummy service for analytics, 2025-10-10 10:29:26, 2daa152c-a5e0-390e-bfe5-7da9d1d4244a, Service Regular, Dummy service reason, 2025-10-10, completed, walk-in, 2025-10-10 10:29:26, 00001a80-37bc-40e7-a113-3d7fd42f76cb, 00083072-efe5-4a16-93f5-1415f6255611), (accepted, Ganti Oli, SRV-QB2006, 2025-11-27 07:32:20, 0016743a-cabe-43ab-bc4f-36fa93558800, Dummy service for analytics, 2025-11-27 07:32:20, b6ae43d9-8e22-3b0b-b3f1-3e163346df14, Service Regular, Dummy service reason, 2025-11-27, completed, walk-in, 2025-11-27 07:32:20, 00001a80-37bc-40e7-a113-3d7fd42f76cb, 00083072-efe5-4a16-93f5-1415f6255611), (accepted, Ganti Oli, SRV-IY9953, 2025-04-12 06:41:14, 0016743a-cabe-43ab-bc4f-36fa93558800, Dummy service for analytics, 2025-04-12 06:41:14, d474530a-cda3-3623-a162-a1118b460c89, Service Regular, Dummy service reason, 2025-04-12, completed, walk-in, 2025-04-12 06:41:14, 00001a80-37bc-40e7-a113-3d7fd42f76cb, 00083072-efe5-4a16-93f5-1415f6255611), (accepted, Ganti Ban, SRV-PU1828, 2026-01-04 12:55:30, 0016743a-cabe-43ab-bc4f-36fa93558800, Dummy service for analytics, 2026-01-04 12:55:30, 213e4106-4378-3117-afb2-073cf55cc06d, Service Regular, Dummy service reason, 2026-01-04, completed, walk-in, 2026-01-04 12:55:30, 00001a80-37bc-40e7-a113-3d7fd42f76cb, 00083072-efe5-4a16-93f5-1415f6255611), (accepted, Perbaikan Rem, SRV-TI7400, 2025-05-27 14:15:53, 0016743a-cabe-43ab-bc4f-36fa93558800, Dummy service for analytics, 2025-05-27 14:15:53, c3795019-0995-3eca-8f7a-ce81c2f2b154, Service Regular, Dummy service reason, 2025-05-27, completed, walk-in, 2025-05-27 14:15:53, 00001a80-37bc-40e7-a113-3d7fd42f76cb, 00083072-efe5-4a16-93f5-1415f6255611), (accepted, Service Rutin, SRV-HA4813, 2025-07-20 23:06:04, 0016743a-cabe-43ab-bc4f-36fa93558800, Dummy service for analytics, 2025-07-20 23:06:04, 9a20b51f-c699-31f1-bfe4-9ba0e45253c8, Service Regular, Dummy service reason, 2025-07-20, completed, walk-in, 2025-07-20 23:06:04, 00001a80-37bc-40e7-a113-3d7fd42f76cb, 00083072-efe5-4a16-93f5-1415f6255611), (accepted, Tune Up, SRV-XN2070, 2025-01-08 21:58:33, 0016743a-cabe-43ab-bc4f-36fa93558800, Dummy service for analytics, 2025-01-08 21:58:33, e28129b8-d256-3c0d-845f-864400cbaca8, Service Regular, Dummy service reason, 2025-01-08, completed, walk-in, 2025-01-08 21:58:33, 00001a80-37bc-40e7-a113-3d7fd42f76cb, 00083072-efe5-4a16-93f5-1415f6255611), (accepted, Perbaikan Rem, SRV-TX0702, 2025-06-30 12:17:04, 0016743a-cabe-43ab-bc4f-36fa93558800, Dummy service for analytics, 2025-06-30 12:17:04, 3546ca01-f92a-3319-bc1c-d9b025d29fcf, Service Regular, Dummy service reason, 2025-06-30, completed, walk-in, 2025-06-30 12:17:04, 00001a80-37bc-40e7-a113-3d7fd42f76cb, 00083072-efe5-4a16-93f5-1415f6255611), (accepted, Tune Up, SRV-VX0313, 2025-06-07 02:49:00, 0016743a-cabe-43ab-bc4f-36fa93558800, Dummy service for analytics, 2025-06-07 02:49:00, 3b5e287b-3109-3773-9b30-cdb23b919486, Service Regular, Dummy service reason, 2025-06-07, completed, walk-in, 2025-06-07 02:49:00, 00001a80-37bc-40e7-a113-3d7fd42f76cb, 00083072-efe5-4a16-93f5-1415f6255611), (accepted, Ganti Oli, SRV-FJ0193, 2025-08-14 17:22:39, 0016743a-cabe-43ab-bc4f-36fa93558800, Dummy service for analytics, 2025-08-14 17:22:39, d257a608-154b-3344-b253-6dc2b0d4b2a9, Service Regular, Dummy service reason, 2025-08-14, completed, walk-in, 2025-08-14 17:22:39, 00001a80-37bc-40e7-a113-3d7fd42f76cb, 00083072-efe5-4a16-93f5-1415f6255611), (accepted, Service Rutin, SRV-SK2619, 2025-03-20 22:42:18, 0016743a-cabe-43ab-bc4f-36fa93558800, Dummy service for analytics, 2025-03-20 22:42:18, 46a19f4e-93cb-3546-9032-1cf0f0717132, Service Regular, Dummy service reason, 2025-03-20, completed, walk-in, 2025-03-20 22:42:18, 00001a80-37bc-40e7-a113-3d7fd42f76cb, 00083072-efe5-4a16-93f5-1415f6255611), (accepted, Ganti Ban, SRV-GH4162, 2025-07-09 22:45:44, 0016743a-cabe-43ab-bc4f-36fa93558800, Dummy service for analytics, 2025-07-09 22:45:44, cbba6254-d548-3370-8730-601ffee68750, Service Regular, Dummy service reason, 2025-07-09, completed, walk-in, 2025-07-09 22:45:44, 00001a80-37bc-40e7-a113-3d7fd42f76cb, 00083072-efe5-4a16-93f5-1415f6255611), (accepted, Tune Up, SRV-VY5070, 2025-06-12 16:08:28, 0016743a-cabe-43ab-bc4f-36fa93558800, Dummy service for analytics, 2025-06-12 16:08:28, 8bc97826-01d4-3517-8f1a-7f7ac71899fd, Service Regular, Dummy service reason, 2025-06-12, completed, walk-in, 2025-06-12 16:08:28, 00001a80-37bc-40e7-a113-3d7fd42f76cb, 00083072-efe5-4a16-93f5-1415f6255611), (accepted, Ganti Oli, SRV-YJ8346, 2025-06-22 23:49:26, 0016743a-cabe-43ab-bc4f-36fa93558800, Dummy service for analytics, 2025-06-22 23:49:26, 85f6abc9-c804-3e4a-adb5-53324493e4d3, Service Regular, Dummy service reason, 2025-06-22, completed, walk-in, 2025-06-22 23:49:26, 00001a80-37bc-40e7-a113-3d7fd42f76cb, 00083072-efe5-4a16-93f5-1415f6255611), (accepted, Tune Up, SRV-JC7315, 2025-07-28 05:42:01, 0016743a-cabe-43ab-bc4f-36fa93558800, Dummy service for analytics, 2025-07-28 05:42:01, 742711f7-52af-35fe-9843-1331160b27f4, Service Regular, Dummy service reason, 2025-07-28, completed, walk-in, 2025-07-28 05:42:01, 00001a80-37bc-40e7-a113-3d7fd42f76cb, 00083072-efe5-4a16-93f5-1415f6255611), (accepted, Service Rutin, SRV-YD3178, 2025-04-20 00:00:02, 0016743a-cabe-43ab-bc4f-36fa93558800, Dummy service for analytics, 2025-04-20 00:00:02, 2add3c0a-53cc-33e8-bc5f-fc9c100db2e9, Service Regular, Dummy service reason, 2025-04-19, completed, walk-in, 2025-04-20 00:00:02, 00001a80-37bc-40e7-a113-3d7fd42f76cb, 00083072-efe5-4a16-93f5-1415f6255611), (accepted, Ganti Oli, SRV-MO4108, 2025-11-17 21:10:44, 0016743a-cabe-43ab-bc4f-36fa93558800, Dummy service for analytics, 2025-11-17 21:10:44, 9891623e-864a-389a-a4e4-f079455cb4d5, Service Regular, Dummy service reason, 2025-11-17, completed, walk-in, 2025-11-17 21:10:44, 00001a80-37bc-40e7-a113-3d7fd42f76cb, 00083072-efe5-4a16-93f5-1415f6255611), (accepted, Ganti Ban, SRV-YZ6070, 2025-06-22 02:07:15, 0016743a-cabe-43ab-bc4f-36fa93558800, Dummy service for analytics, 2025-06-22 02:07:15, c2f5f46b-93f0-3c4c-a6a7-9a36d982df36, Service Regular, Dummy service reason, 2025-06-22, completed, walk-in, 2025-06-22 02:07:15, 00001a80-37bc-40e7-a113-3d7fd42f76cb, 00083072-efe5-4a16-93f5-1415f6255611), (accepted, Perbaikan Rem, SRV-YV0646, 2025-01-29 11:39:18, 0016743a-cabe-43ab-bc4f-36fa93558800, Dummy service for analytics, 2025-01-29 11:39:18, 1fd710d9-475a-3b34-94cf-d9012afcf3c3, Service Regular, Dummy service reason, 2025-01-29, completed, walk-in, 2025-01-29 11:39:18, 00001a80-37bc-40e7-a113-3d7fd42f76cb, 00083072-efe5-4a16-93f5-1415f6255611), (accepted, Ganti Oli, SRV-YF9009, 2025-09-27 21:24:40, 0016743a-cabe-43ab-bc4f-36fa93558800, Dummy service for analytics, 2025-09-27 21:24:40, 79aba0d3-82e4-3f9f-b70b-9b6d1d192bf0, Service Regular, Dummy service reason, 2025-09-27, completed, walk-in, 2025-09-27 21:24:40, 00001a80-37bc-40e7-a113-3d7fd42f76cb, 00083072-efe5-4a16-93f5-1415f6255611), (accepted, Tune Up, SRV-TD1346, 2025-12-15 23:51:23, 0016743a-cabe-43ab-bc4f-36fa93558800, Dummy service for analytics, 2025-12-15 23:51:23, e6908fc1-89f6-39f7-9176-d55a0c588483, Service Regular, Dummy service reason, 2025-12-15, completed, walk-in, 2025-12-15 23:51:23, 00001a80-37bc-40e7-a113-3d7fd42f76cb, 00083072-efe5-4a16-93f5-1415f6255611), (accepted, Ganti Ban, SRV-FL2049, 2025-08-24 20:03:52, 0016743a-cabe-43ab-bc4f-36fa93558800, Dummy service for analytics, 2025-08-24 20:03:52, 51e49295-8bb6-3157-8feb-21dd2eab2e21, Service Regular, Dummy service reason, 2025-08-24, completed, walk-in, 2025-08-24 20:03:52, 00001a80-37bc-40e7-a113-3d7fd42f76cb, 00083072-efe5-4a16-93f5-1415f6255611), (accepted, Tune Up, SRV-RV1992, 2025-11-23 23:21:43, 0016743a-cabe-43ab-bc4f-36fa93558800, Dummy service for analytics, 2025-11-23 23:21:43, dff3a5c5-8843-3a76-8ce5-62d537301fff, Service Regular, Dummy service reason, 2025-11-23, completed, walk-in, 2025-11-23 23:21:43, 00001a80-37bc-40e7-a113-3d7fd42f76cb, 00083072-efe5-4a16-93f5-1415f6255611), (accepted, Ganti Ban, SRV-IE9653, 2025-07-06 20:04:55, 0016743a-cabe-43ab-bc4f-36fa93558800, Dummy service for analytics, 2025-07-06 20:04:55, e044b208-9fc2-3790-8237-77db5dca3e1d, Service Regular, Dummy service reason, 2025-07-06, completed, walk-in, 2025-07-06 20:04:55, 00001a80-37bc-40e7-a113-3d7fd42f76cb, 00083072-efe5-4a16-93f5-1415f6255611), (accepted, Perbaikan Rem, SRV-KQ2417, 2025-03-01 23:15:09, 0016743a-cabe-43ab-bc4f-36fa93558800, Dummy service for analytics, 2025-03-01 23:15:09, a23f21ac-c19c-3abd-a92b-14e78832aed0, Service Regular, Dummy service reason, 2025-03-01, completed, walk-in, 2025-03-01 23:15:09, 00001a80-37bc-40e7-a113-3d7fd42f76cb, 00083072-efe5-4a16-93f5-1415f6255611), (accepted, Tune Up, SRV-ZD0259, 2025-02-03 21:20:24, 0016743a-cabe-43ab-bc4f-36fa93558800, Dummy service for analytics, 2025-02-03 21:20:24, aaacf3d5-5e01-368e-b6cd-fada2906de97, Service Regular, Dummy service reason, 2025-02-03, completed, walk-in, 2025-02-03 21:20:24, 00001a80-37bc-40e7-a113-3d7fd42f76cb, 00083072-efe5-4a16-93f5-1415f6255611), (accepted, Perbaikan Rem, SRV-IN5641, 2025-08-22 03:04:37, 0016743a-cabe-43ab-bc4f-36fa93558800, Dummy service for analytics, 2025-08-22 03:04:37, 34357fe4-a8eb-3eba-a58b-5678584ff56f, Service Regular, Dummy service reason, 2025-08-22, completed, walk-in, 2025-08-22 03:04:37, 00001a80-37bc-40e7-a113-3d7fd42f76cb, 00083072-efe5-4a16-93f5-1415f6255611), (accepted, Ganti Ban, SRV-XE4760, 2026-01-02 08:41:54, 0016743a-cabe-43ab-bc4f-36fa93558800, Dummy service for analytics, 2026-01-02 08:41:54, ca22dc9e-83b8-3c4a-b56b-8ecb001a1d4b, Service Regular, Dummy service reason, 2026-01-02, completed, walk-in, 2026-01-02 08:41:54, 00001a80-37bc-40e7-a113-3d7fd42f76cb, 00083072-efe5-4a16-93f5-1415f6255611), (accepted, Ganti Ban, SRV-EP0170, 2026-01-31 05:57:59, 0016743a-cabe-43ab-bc4f-36fa93558800, Dummy service for analytics, 2026-01-31 05:57:59, 6cd57ee7-0796-3980-8702-cb02b650d292, Service Regular, Dummy service reason, 2026-01-31, completed, walk-in, 2026-01-31 05:57:59, 00001a80-37bc-40e7-a113-3d7fd42f76cb, 00083072-efe5-4a16-93f5-1415f6255611), (accepted, Tune Up, SRV-TV5140, 2025-05-13 10:32:16, 0016743a-cabe-43ab-bc4f-36fa93558800, Dummy service for analytics, 2025-05-13 10:32:16, f49f87d3-2b19-3604-b354-a0764efaa7f0, Service Regular, Dummy service reason, 2025-05-13, completed, walk-in, 2025-05-13 10:32:16, 00001a80-37bc-40e7-a113-3d7fd42f76cb, 00083072-efe5-4a16-93f5-1415f6255611), (accepted, Tune Up, SRV-VG8079, 2025-08-28 21:29:07, 0016743a-cabe-43ab-bc4f-36fa93558800, Dummy service for analytics, 2025-08-28 21:29:07, bae4eb4c-9409-374d-9d00-545f7a78d5e1, Service Regular, Dummy service reason, 2025-08-28, completed, walk-in, 2025-08-28 21:29:07, 00001a80-37bc-40e7-a113-3d7fd42f76cb, 00083072-efe5-4a16-93f5-1415f6255611), (accepted, Service Rutin, SRV-HT4716, 2026-01-11 19:29:29, 0016743a-cabe-43ab-bc4f-36fa93558800, Dummy service for analytics, 2026-01-11 19:29:29, dd5c6c42-3bb8-3aab-bb92-f7609623b206, Service Regular, Dummy service reason, 2026-01-11, completed, walk-in, 2026-01-11 19:29:29, 00001a80-37bc-40e7-a113-3d7fd42f76cb, 00083072-efe5-4a16-93f5-1415f6255611), (accepted, Ganti Oli, SRV-GB0992, 2025-11-04 00:30:44, 0016743a-cabe-43ab-bc4f-36fa93558800, Dummy service for analytics, 2025-11-04 00:30:44, 45f9fcf1-cbbe-3071-b6fc-849b882586cf, Service Regular, Dummy service reason, 2025-11-03, completed, walk-in, 2025-11-04 00:30:44, 00001a80-37bc-40e7-a113-3d7fd42f76cb, 00083072-efe5-4a16-93f5-1415f6255611), (accepted, Tune Up, SRV-WO3573, 2025-07-14 22:19:32, 0016743a-cabe-43ab-bc4f-36fa93558800, Dummy service for analytics, 2025-07-14 22:19:32, 3d40af14-5008-3666-9de3-6f96af4f0889, Service Regular, Dummy service reason, 2025-07-14, completed, walk-in, 2025-07-14 22:19:32, 00001a80-37bc-40e7-a113-3d7fd42f76cb, 00083072-efe5-4a16-93f5-1415f6255611), (accepted, Perbaikan Rem, SRV-JA2795, 2025-12-14 23:58:36, 0016743a-cabe-43ab-bc4f-36fa93558800, Dummy service for analytics, 2025-12-14 23:58:36, 38752076-291d-3155-b188-e89921107b00, Service Regular, Dummy service reason, 2025-12-14, completed, walk-in, 2025-12-14 23:58:36, 00001a80-37bc-40e7-a113-3d7fd42f76cb, 00083072-efe5-4a16-93f5-1415f6255611), (accepted, Ganti Oli, SRV-AJ2275, 2025-04-22 01:01:33, 0016743a-cabe-43ab-bc4f-36fa93558800, Dummy service for analytics, 2025-04-22 01:01:33, b59f4a2c-f42c-3992-a4f4-062631b86958, Service Regular, Dummy service reason, 2025-04-21, completed, walk-in, 2025-04-22 01:01:33, 00001a80-37bc-40e7-a113-3d7fd42f76cb, 00083072-efe5-4a16-93f5-1415f6255611), (accepted, Tune Up, SRV-UR6513, 2025-06-23 10:43:06, 0016743a-cabe-43ab-bc4f-36fa93558800, Dummy service for analytics, 2025-06-23 10:43:06, a52f2773-86b4-33fc-a6dd-aef9e953ad30, Service Regular, Dummy service reason, 2025-06-23, completed, walk-in, 2025-06-23 10:43:06, 00001a80-37bc-40e7-a113-3d7fd42f76cb, 00083072-efe5-4a16-93f5-1415f6255611), (accepted, Ganti Oli, SRV-RS5693, 2025-09-18 01:21:20, 0016743a-cabe-43ab-bc4f-36fa93558800, Dummy service for analytics, 2025-09-18 01:21:20, 4363d251-582e-3e1f-bbc0-46fcf612a81e, Service Regular, Dummy service reason, 2025-09-17, completed, walk-in, 2025-09-18 01:21:20, 00001a80-37bc-40e7-a113-3d7fd42f76cb, 00083072-efe5-4a16-93f5-1415f6255611), (accepted, Tune Up, SRV-MY3326, 2025-07-02 15:59:59, 0016743a-cabe-43ab-bc4f-36fa93558800, Dummy service for analytics, 2025-07-02 15:59:59, 12e0689d-1bfa-36be-99e4-75c1ffbcc79c, Service Regular, Dummy service reason, 2025-07-02, completed, walk-in, 2025-07-02 15:59:59, 00001a80-37bc-40e7-a113-3d7fd42f76cb, 00083072-efe5-4a16-93f5-1415f6255611), (accepted, Perbaikan Rem, SRV-LB4893, 2025-04-12 21:48:11, 0016743a-cabe-43ab-bc4f-36fa93558800, Dummy service for analytics, 2025-04-12 21:48:11, 2b6b99f6-2dad-3d6e-b725-0e59c831d789, Service Regular, Dummy service reason, 2025-04-12, completed, walk-in, 2025-04-12 21:48:11, 00001a80-37bc-40e7-a113-3d7fd42f76cb, 00083072-efe5-4a16-93f5-1415f6255611), (accepted, Tune Up, SRV-MB9727, 2025-08-01 08:25:38, 0016743a-cabe-43ab-bc4f-36fa93558800, Dummy service for analytics, 2025-08-01 08:25:38, 748dd76a-e3ac-3a96-a715-1a967789f1ed, Service Regular, Dummy service reason, 2025-08-01, completed, walk-in, 2025-08-01 08:25:38, 00001a80-37bc-40e7-a113-3d7fd42f76cb, 00083072-efe5-4a16-93f5-1415f6255611), (accepted, Perbaikan Rem, SRV-QH0835, 2025-09-28 19:31:37, 0016743a-cabe-43ab-bc4f-36fa93558800, Dummy service for analytics, 2025-09-28 19:31:37, d1f18920-052c-3f5e-a712-0a42f75a564d, Service Regular, Dummy service reason, 2025-09-28, completed, walk-in, 2025-09-28 19:31:37, 00001a80-37bc-40e7-a113-3d7fd42f76cb, 00083072-efe5-4a16-93f5-1415f6255611), (accepted, Ganti Ban, SRV-NQ4517, 2025-02-25 09:02:09, 0016743a-cabe-43ab-bc4f-36fa93558800, Dummy service for analytics, 2025-02-25 09:02:09, 04325c4e-1fff-30cc-9162-17eb10f1206c, Service Regular, Dummy service reason, 2025-02-25, completed, walk-in, 2025-02-25 09:02:09, 00001a80-37bc-40e7-a113-3d7fd42f76cb, 00083072-efe5-4a16-93f5-1415f6255611), (accepted, Service Rutin, SRV-SB3581, 2025-09-25 17:47:30, 0016743a-cabe-43ab-bc4f-36fa93558800, Dummy service for analytics, 2025-09-25 17:47:30, a6cbbd98-be1d-3ab0-a60d-ae727da5e8d8, Service Regular, Dummy service reason, 2025-09-25, completed, walk-in, 2025-09-25 17:47:30, 00001a80-37bc-40e7-a113-3d7fd42f76cb, 00083072-efe5-4a16-93f5-1415f6255611), (accepted, Service Rutin, SRV-QO5058, 2025-07-16 01:51:12, 0016743a-cabe-43ab-bc4f-36fa93558800, Dummy service for analytics, 2025-07-16 01:51:12, 151a2e5a-7094-3d00-aff1-a641e8e09bbf, Service Regular, Dummy service reason, 2025-07-15, completed, walk-in, 2025-07-16 01:51:12, 00001a80-37bc-40e7-a113-3d7fd42f76cb, 00083072-efe5-4a16-93f5-1415f6255611), (accepted, Tune Up, SRV-XN8513, 2026-01-03 04:03:06, 0016743a-cabe-43ab-bc4f-36fa93558800, Dummy service for analytics, 2026-01-03 04:03:06, 6e1223fa-cb54-3034-9263-f0f77ecdabaa, Service Regular, Dummy service reason, 2026-01-03, completed, walk-in, 2026-01-03 04:03:06, 00001a80-37bc-40e7-a113-3d7fd42f76cb, 00083072-efe5-4a16-93f5-1415f6255611), (accepted, Tune Up, SRV-ND8052, 2025-12-21 04:09:24, 0016743a-cabe-43ab-bc4f-36fa93558800, Dummy service for analytics, 2025-12-21 04:09:24, cab162a0-7064-3c31-83a5-6666ea78cff6, Service Regular, Dummy service reason, 2025-12-21, completed, walk-in, 2025-12-21 04:09:24, 00001a80-37bc-40e7-a113-3d7fd42f76cb, 00083072-efe5-4a16-93f5-1415f6255611), (accepted, Perbaikan Rem, SRV-EC9998, 2025-03-15 21:25:10, 0016743a-cabe-43ab-bc4f-36fa93558800, Dummy service for analytics, 2025-03-15 21:25:10, 8b212481-a2d1-3103-a4f7-14496baaf5fe, Service Regular, Dummy service reason, 2025-03-15, completed, walk-in, 2025-03-15 21:25:10, 00001a80-37bc-40e7-a113-3d7fd42f76cb, 00083072-efe5-4a16-93f5-1415f6255611), (accepted, Tune Up, SRV-PF8240, 2026-01-25 18:02:49, 0016743a-cabe-43ab-bc4f-36fa93558800, Dummy service for analytics, 2026-01-25 18:02:49, 3a806026-ab4f-30fb-81ab-bb7f1b486cad, Service Regular, Dummy service reason, 2026-01-25, completed, walk-in, 2026-01-25 18:02:49, 00001a80-37bc-40e7-a113-3d7fd42f76cb, 00083072-efe5-4a16-93f5-1415f6255611))
